Initial:
_ _ _ X _ _ _ _ _ _ 
_ X _ X _ _ _ _ _ _ 
_ _ X X _ _ _ _ _ _ 
_ _ _ _ _ _ _ _ _ _ 
_ _ _ _ _ _ _ _ _ _ 
_ _ _ _ _ _ _ _ _ _ 
_ _ _ _ _ _ _ _ _ _ 
_ _ _ _ _ _ _ _ _ _ 
_ _ _ _ _ _ _ _ _ _ 
_ _ _ _ _ _ _ _ _ _ 


Frame #1:
_ _ X _ _ _ _ _ _ _ 
_ _ _ X X _ _ _ _ _ 
_ _ X X _ _ _ _ _ _ 
_ _ _ _ _ _ _ _ _ _ 
_ _ _ _ _ _ _ _ _ _ 
_ _ _ _ _ _ _ _ _ _ 
_ _ _ _ _ _ _ _ _ _ 
_ _ _ _ _ _ _ _ _ _ 
_ _ _ _ _ _ _ _ _ _ 
_ _ _ _ _ _ _ _ _ _ 


Frame #2:
_ _ _ X _ _ _ _ _ _ 
_ _ _ _ X _ _ _ _ _ 
_ _ X X X _ _ _ _ _ 
_ _ _ _ _ _ _ _ _ _ 
_ _ _ _ _ _ _ _ _ _ 
_ _ _ _ _ _ _ _ _ _ 
_ _ _ _ _ _ _ _ _ _ 
_ _ _ _ _ _ _ _ _ _ 
_ _ _ _ _ _ _ _ _ _ 
_ _ _ _ _ _ _ _ _ _ 


Frame #3:
_ _ _ _ _ _ _ _ _ _ 
_ _ X _ X _ _ _ _ _ 
_ _ _ X X _ _ _ _ _ 
_ _ _ X _ _ _ _ _ _ 
_ _ _ _ _ _ _ _ _ _ 
_ _ _ _ _ _ _ _ _ _ 
_ _ _ _ _ _ _ _ _ _ 
_ _ _ _ _ _ _ _ _ _ 
_ _ _ _ _ _ _ _ _ _ 
_ _ _ _ _ _ _ _ _ _ 


Frame #4:
_ _ _ _ _ _ _ _ _ _ 
_ _ _ _ X _ _ _ _ _ 
_ _ X _ X _ _ _ _ _ 
_ _ _ X X _ _ _ _ _ 
_ _ _ _ _ _ _ _ _ _ 
_ _ _ _ _ _ _ _ _ _ 
_ _ _ _ _ _ _ _ _ _ 
_ _ _ _ _ _ _ _ _ _ 
_ _ _ _ _ _ _ _ _ _ 
_ _ _ _ _ _ _ _ _ _ 
