Initial:
_ _ _ _ _ _ _ _ _ _ 
_ X _ _ _ _ _ _ _ _ 
_ _ _ _ _ _ _ _ _ _ 
_ _ _ _ _ _ _ _ _ _ 
_ _ _ _ _ _ _ _ _ _ 
_ _ _ _ _ _ _ _ _ _ 
_ _ _ _ _ _ _ _ _ _ 
_ _ _ _ _ _ _ _ _ _ 
_ _ _ _ _ _ _ _ _ _ 
_ _ _ _ _ _ _ _ _ _ 


Frame #1:
_ _ _ _ _ _ _ _ _ _ 
_ _ _ _ _ _ _ _ _ _ 
_ _ _ _ _ _ _ _ _ _ 
_ _ _ _ _ _ _ _ _ _ 
_ _ _ _ _ _ _ _ _ _ 
_ _ _ _ _ _ _ _ _ _ 
_ _ _ _ _ _ _ _ _ _ 
_ _ _ _ _ _ _ _ _ _ 
_ _ _ _ _ _ _ _ _ _ 
_ _ _ _ _ _ _ _ _ _ 
